../data/dataset-resized/glass/glass282.jpg
../data/dataset-resized/glass/glass296.jpg
../data/dataset-resized/glass/glass335.jpg
../data/dataset-resized/glass/glass453.jpg
../data/dataset-resized/glass/glass447.jpg
../data/dataset-resized/glass/glass321.jpg
../data/dataset-resized/glass/glass309.jpg
../data/dataset-resized/glass/glass490.jpg
../data/dataset-resized/glass/glass484.jpg
../data/dataset-resized/glass/glass137.jpg
../data/dataset-resized/glass/glass123.jpg
../data/dataset-resized/glass/glass97.jpg
../data/dataset-resized/glass/glass83.jpg
../data/dataset-resized/glass/glass68.jpg
../data/dataset-resized/glass/glass54.jpg
../data/dataset-resized/glass/glass40.jpg
../data/dataset-resized/glass/glass41.jpg
../data/dataset-resized/glass/glass55.jpg
../data/dataset-resized/glass/glass69.jpg
../data/dataset-resized/glass/glass82.jpg
../data/dataset-resized/glass/glass96.jpg
../data/dataset-resized/glass/glass122.jpg
../data/dataset-resized/glass/glass136.jpg
../data/dataset-resized/glass/glass485.jpg
../data/dataset-resized/glass/glass491.jpg
../data/dataset-resized/glass/glass308.jpg
../data/dataset-resized/glass/glass446.jpg
../data/dataset-resized/glass/glass320.jpg
../data/dataset-resized/glass/glass334.jpg
../data/dataset-resized/glass/glass452.jpg
../data/dataset-resized/glass/glass297.jpg
../data/dataset-resized/glass/glass283.jpg
../data/dataset-resized/glass/glass268.jpg
../data/dataset-resized/glass/glass254.jpg
../data/dataset-resized/glass/glass240.jpg
../data/dataset-resized/glass/glass256.jpg
../data/dataset-resized/glass/glass242.jpg
../data/dataset-resized/glass/glass295.jpg
../data/dataset-resized/glass/glass281.jpg
../data/dataset-resized/glass/glass322.jpg
../data/dataset-resized/glass/glass444.jpg
../data/dataset-resized/glass/glass450.jpg
../data/dataset-resized/glass/glass336.jpg
../data/dataset-resized/glass/glass478.jpg
../data/dataset-resized/glass/glass487.jpg
../data/dataset-resized/glass/glass493.jpg
../data/dataset-resized/glass/glass120.jpg
../data/dataset-resized/glass/glass134.jpg
../data/dataset-resized/glass/glass80.jpg
../data/dataset-resized/glass/glass94.jpg
../data/dataset-resized/paper/paper144.jpg
../data/dataset-resized/paper/paper145.jpg
../data/dataset-resized/paper/paper151.jpg
../data/dataset-resized/paper/paper179.jpg
../data/dataset-resized/paper/paper186.jpg
../data/dataset-resized/paper/paper192.jpg
../data/dataset-resized/paper/paper347.jpg
../data/dataset-resized/paper/paper421.jpg
../data/dataset-resized/paper/paper435.jpg
../data/dataset-resized/paper/paper353.jpg
../data/dataset-resized/paper/paper409.jpg
../data/dataset-resized/paper/paper384.jpg
../data/dataset-resized/paper/paper17.jpg
../data/dataset-resized/paper/paper390.jpg
../data/dataset-resized/paper/paper233.jpg
../data/dataset-resized/paper/paper555.jpg
../data/dataset-resized/paper/paper541.jpg
../data/dataset-resized/paper/paper227.jpg
../data/dataset-resized/paper/paper569.jpg
../data/dataset-resized/paper/paper582.jpg
../data/dataset-resized/paper/paper202.jpg
../data/dataset-resized/paper/paper564.jpg
../data/dataset-resized/paper/paper570.jpg
../data/dataset-resized/paper/paper216.jpg
../data/dataset-resized/paper/paper558.jpg
../data/dataset-resized/paper/paper26.jpg
../data/dataset-resized/paper/paper32.jpg
../data/dataset-resized/paper/paper389.jpg
../data/dataset-resized/paper/paper376.jpg
../data/dataset-resized/paper/paper410.jpg
../data/dataset-resized/paper/paper404.jpg
../data/dataset-resized/paper/paper362.jpg
../data/dataset-resized/paper/paper438.jpg
../data/dataset-resized/paper/paper174.jpg
../data/dataset-resized/paper/paper160.jpg
../data/dataset-resized/paper/paper148.jpg
../data/dataset-resized/paper/paper149.jpg
../data/dataset-resized/paper/paper161.jpg
../data/dataset-resized/paper/paper175.jpg
../data/dataset-resized/paper/paper439.jpg
../data/dataset-resized/paper/paper405.jpg
../data/dataset-resized/paper/paper363.jpg
../data/dataset-resized/paper/paper377.jpg
../data/dataset-resized/paper/paper411.jpg
../data/dataset-resized/paper/paper388.jpg
../data/dataset-resized/paper/paper33.jpg
../data/dataset-resized/paper/paper27.jpg
../data/dataset-resized/paper/paper559.jpg
../data/dataset-resized/paper/paper571.jpg
../data/dataset-resized/paper/paper217.jpg
../data/dataset-resized/cardboard/cardboard91.jpg
../data/dataset-resized/cardboard/cardboard158.jpg
../data/dataset-resized/cardboard/cardboard46.jpg
../data/dataset-resized/cardboard/cardboard52.jpg
../data/dataset-resized/cardboard/cardboard400.jpg
../data/dataset-resized/cardboard/cardboard366.jpg
../data/dataset-resized/cardboard/cardboard372.jpg
../data/dataset-resized/cardboard/cardboard399.jpg
../data/dataset-resized/cardboard/cardboard398.jpg
../data/dataset-resized/cardboard/cardboard373.jpg
../data/dataset-resized/cardboard/cardboard401.jpg
../data/dataset-resized/cardboard/cardboard367.jpg
../data/dataset-resized/cardboard/cardboard53.jpg
../data/dataset-resized/cardboard/cardboard47.jpg
../data/dataset-resized/cardboard/cardboard159.jpg
../data/dataset-resized/cardboard/cardboard90.jpg
../data/dataset-resized/cardboard/cardboard171.jpg
../data/dataset-resized/cardboard/cardboard84.jpg
../data/dataset-resized/cardboard/cardboard165.jpg
../data/dataset-resized/cardboard/cardboard207.jpg
../data/dataset-resized/cardboard/cardboard213.jpg
../data/dataset-resized/cardboard/cardboard205.jpg
../data/dataset-resized/cardboard/cardboard211.jpg
../data/dataset-resized/cardboard/cardboard239.jpg
../data/dataset-resized/cardboard/cardboard173.jpg
../data/dataset-resized/cardboard/cardboard92.jpg
../data/dataset-resized/cardboard/cardboard167.jpg
../data/dataset-resized/cardboard/cardboard86.jpg
../data/dataset-resized/cardboard/cardboard51.jpg
../data/dataset-resized/cardboard/cardboard45.jpg
../data/dataset-resized/cardboard/cardboard79.jpg
../data/dataset-resized/cardboard/cardboard198.jpg
../data/dataset-resized/cardboard/cardboard371.jpg
../data/dataset-resized/cardboard/cardboard365.jpg
../data/dataset-resized/cardboard/cardboard403.jpg
../data/dataset-resized/cardboard/cardboard359.jpg
../data/dataset-resized/cardboard/cardboard358.jpg
../data/dataset-resized/cardboard/cardboard364.jpg
../data/dataset-resized/cardboard/cardboard402.jpg
../data/dataset-resized/cardboard/cardboard370.jpg
../data/dataset-resized/cardboard/cardboard199.jpg
../data/dataset-resized/cardboard/cardboard78.jpg
../data/dataset-resized/cardboard/cardboard44.jpg
../data/dataset-resized/cardboard/cardboard50.jpg
../data/dataset-resized/cardboard/cardboard87.jpg
../data/dataset-resized/cardboard/cardboard166.jpg
../data/dataset-resized/cardboard/cardboard93.jpg
../data/dataset-resized/cardboard/cardboard172.jpg
../data/dataset-resized/cardboard/cardboard238.jpg
../data/dataset-resized/cardboard/cardboard210.jpg
../data/dataset-resized/plastic/plastic302.jpg
../data/dataset-resized/plastic/plastic464.jpg
../data/dataset-resized/plastic/plastic470.jpg
../data/dataset-resized/plastic/plastic316.jpg
../data/dataset-resized/plastic/plastic128.jpg
../data/dataset-resized/plastic/plastic100.jpg
../data/dataset-resized/plastic/plastic114.jpg
../data/dataset-resized/plastic/plastic26.jpg
../data/dataset-resized/plastic/plastic32.jpg
../data/dataset-resized/plastic/plastic289.jpg
../data/dataset-resized/plastic/plastic276.jpg
../data/dataset-resized/plastic/plastic262.jpg
../data/dataset-resized/plastic/plastic263.jpg
../data/dataset-resized/plastic/plastic277.jpg
../data/dataset-resized/plastic/plastic288.jpg
../data/dataset-resized/plastic/plastic33.jpg
../data/dataset-resized/plastic/plastic27.jpg
../data/dataset-resized/plastic/plastic115.jpg
../data/dataset-resized/plastic/plastic101.jpg
../data/dataset-resized/plastic/plastic129.jpg
../data/dataset-resized/plastic/plastic471.jpg
../data/dataset-resized/plastic/plastic317.jpg
../data/dataset-resized/plastic/plastic303.jpg
../data/dataset-resized/plastic/plastic465.jpg
../data/dataset-resized/plastic/plastic459.jpg
../data/dataset-resized/plastic/plastic329.jpg
../data/dataset-resized/plastic/plastic315.jpg
../data/dataset-resized/plastic/plastic473.jpg
../data/dataset-resized/plastic/plastic467.jpg
../data/dataset-resized/plastic/plastic301.jpg
../data/dataset-resized/plastic/plastic117.jpg
../data/dataset-resized/plastic/plastic103.jpg
../data/dataset-resized/plastic/plastic19.jpg
../data/dataset-resized/plastic/plastic31.jpg
../data/dataset-resized/plastic/plastic25.jpg
../data/dataset-resized/plastic/plastic249.jpg
../data/dataset-resized/plastic/plastic261.jpg
../data/dataset-resized/plastic/plastic275.jpg
../data/dataset-resized/plastic/plastic274.jpg
../data/dataset-resized/plastic/plastic260.jpg
../data/dataset-resized/plastic/plastic248.jpg
../data/dataset-resized/plastic/plastic24.jpg
../data/dataset-resized/plastic/plastic30.jpg
../data/dataset-resized/plastic/plastic18.jpg
../data/dataset-resized/plastic/plastic102.jpg
../data/dataset-resized/plastic/plastic116.jpg
../data/dataset-resized/plastic/plastic466.jpg
../data/dataset-resized/plastic/plastic300.jpg
../data/dataset-resized/plastic/plastic314.jpg
../data/dataset-resized/plastic/plastic472.jpg
../data/dataset-resized/metal/metal10.jpg
../data/dataset-resized/metal/metal38.jpg
../data/dataset-resized/metal/metal158.jpg
../data/dataset-resized/metal/metal164.jpg
../data/dataset-resized/metal/metal170.jpg
../data/dataset-resized/metal/metal399.jpg
../data/dataset-resized/metal/metal366.jpg
../data/dataset-resized/metal/metal400.jpg
../data/dataset-resized/metal/metal372.jpg
../data/dataset-resized/metal/metal373.jpg
../data/dataset-resized/metal/metal367.jpg
../data/dataset-resized/metal/metal401.jpg
../data/dataset-resized/metal/metal398.jpg
../data/dataset-resized/metal/metal171.jpg
../data/dataset-resized/metal/metal165.jpg
../data/dataset-resized/metal/metal159.jpg
../data/dataset-resized/metal/metal39.jpg
../data/dataset-resized/metal/metal11.jpg
../data/dataset-resized/metal/metal207.jpg
../data/dataset-resized/metal/metal213.jpg
../data/dataset-resized/metal/metal274.jpg
../data/dataset-resized/metal/metal260.jpg
../data/dataset-resized/metal/metal248.jpg
../data/dataset-resized/metal/metal89.jpg
../data/dataset-resized/metal/metal62.jpg
../data/dataset-resized/metal/metal76.jpg
../data/dataset-resized/metal/metal102.jpg
../data/dataset-resized/metal/metal116.jpg
../data/dataset-resized/metal/metal300.jpg
../data/dataset-resized/metal/metal314.jpg
../data/dataset-resized/metal/metal328.jpg
../data/dataset-resized/metal/metal329.jpg
../data/dataset-resized/metal/metal315.jpg
../data/dataset-resized/metal/metal301.jpg
../data/dataset-resized/metal/metal117.jpg
../data/dataset-resized/metal/metal103.jpg
../data/dataset-resized/metal/metal77.jpg
../data/dataset-resized/metal/metal63.jpg
../data/dataset-resized/metal/metal88.jpg
../data/dataset-resized/metal/metal249.jpg
../data/dataset-resized/metal/metal261.jpg
../data/dataset-resized/metal/metal275.jpg
../data/dataset-resized/metal/metal8.jpg
../data/dataset-resized/metal/metal288.jpg
../data/dataset-resized/metal/metal263.jpg
../data/dataset-resized/metal/metal277.jpg
../data/dataset-resized/metal/metal49.jpg
../data/dataset-resized/metal/metal75.jpg
../data/dataset-resized/metal/metal61.jpg
../data/dataset-resized/metal/metal115.jpg
