../data/dataset-resized/glass/glass108.jpg
../data/dataset-resized/glass/glass43.jpg
../data/dataset-resized/glass/glass57.jpg
../data/dataset-resized/glass/glass56.jpg
../data/dataset-resized/glass/glass42.jpg
../data/dataset-resized/glass/glass95.jpg
../data/dataset-resized/glass/glass109.jpg
../data/dataset-resized/glass/glass81.jpg
../data/dataset-resized/glass/glass135.jpg
../data/dataset-resized/glass/glass121.jpg
../data/dataset-resized/glass/glass492.jpg
../data/dataset-resized/glass/glass486.jpg
../data/dataset-resized/glass/glass479.jpg
../data/dataset-resized/glass/glass451.jpg
../data/dataset-resized/glass/glass337.jpg
../data/dataset-resized/glass/glass323.jpg
../data/dataset-resized/glass/glass445.jpg
../data/dataset-resized/glass/glass280.jpg
../data/dataset-resized/glass/glass294.jpg
../data/dataset-resized/glass/glass243.jpg
../data/dataset-resized/glass/glass257.jpg
../data/dataset-resized/glass/glass218.jpg
../data/dataset-resized/glass/glass230.jpg
../data/dataset-resized/glass/glass224.jpg
../data/dataset-resized/glass/glass378.jpg
../data/dataset-resized/glass/glass344.jpg
../data/dataset-resized/glass/glass422.jpg
../data/dataset-resized/glass/glass436.jpg
../data/dataset-resized/glass/glass350.jpg
../data/dataset-resized/glass/glass387.jpg
../data/dataset-resized/glass/glass393.jpg
../data/dataset-resized/glass/glass146.jpg
../data/dataset-resized/glass/glass152.jpg
../data/dataset-resized/glass/glass25.jpg
../data/dataset-resized/glass/glass31.jpg
../data/dataset-resized/glass/glass19.jpg
../data/dataset-resized/glass/glass185.jpg
../data/dataset-resized/glass/glass191.jpg
../data/dataset-resized/glass/glass190.jpg
../data/dataset-resized/glass/glass18.jpg
../data/dataset-resized/glass/glass184.jpg
../data/dataset-resized/glass/glass30.jpg
../data/dataset-resized/glass/glass24.jpg
../data/dataset-resized/glass/glass153.jpg
../data/dataset-resized/glass/glass147.jpg
../data/dataset-resized/glass/glass392.jpg
../data/dataset-resized/glass/glass386.jpg
../data/dataset-resized/glass/glass437.jpg
../data/dataset-resized/glass/glass351.jpg
../data/dataset-resized/glass/glass345.jpg
../data/dataset-resized/glass/glass423.jpg
../data/dataset-resized/glass/glass379.jpg
../data/dataset-resized/glass/glass225.jpg
../data/dataset-resized/glass/glass231.jpg
../data/dataset-resized/glass/glass219.jpg
../data/dataset-resized/glass/glass227.jpg
../data/dataset-resized/glass/glass233.jpg
../data/dataset-resized/glass/glass409.jpg
../data/dataset-resized/glass/glass353.jpg
../data/dataset-resized/glass/glass435.jpg
../data/dataset-resized/glass/glass421.jpg
../data/dataset-resized/glass/glass347.jpg
../data/dataset-resized/glass/glass390.jpg
../data/dataset-resized/glass/glass384.jpg
../data/dataset-resized/glass/glass179.jpg
../data/dataset-resized/glass/glass151.jpg
../data/dataset-resized/glass/glass145.jpg
../data/dataset-resized/glass/glass32.jpg
../data/dataset-resized/glass/glass26.jpg
../data/dataset-resized/glass/glass192.jpg
../data/dataset-resized/glass/glass186.jpg
../data/dataset-resized/glass/glass187.jpg
../data/dataset-resized/glass/glass193.jpg
../data/dataset-resized/glass/glass27.jpg
../data/dataset-resized/glass/glass33.jpg
../data/dataset-resized/glass/glass144.jpg
../data/dataset-resized/glass/glass150.jpg
../data/dataset-resized/glass/glass178.jpg
../data/dataset-resized/glass/glass385.jpg
../data/dataset-resized/glass/glass391.jpg
../data/dataset-resized/glass/glass420.jpg
../data/dataset-resized/glass/glass346.jpg
../data/dataset-resized/glass/glass352.jpg
../data/dataset-resized/glass/glass434.jpg
../data/dataset-resized/glass/glass408.jpg
../data/dataset-resized/glass/glass232.jpg
../data/dataset-resized/glass/glass226.jpg
../data/dataset-resized/glass/glass222.jpg
../data/dataset-resized/glass/glass236.jpg
../data/dataset-resized/glass/glass430.jpg
../data/dataset-resized/glass/glass356.jpg
../data/dataset-resized/glass/glass342.jpg
../data/dataset-resized/glass/glass424.jpg
../data/dataset-resized/glass/glass418.jpg
../data/dataset-resized/glass/glass395.jpg
../data/dataset-resized/glass/glass381.jpg
../data/dataset-resized/glass/glass154.jpg
../data/dataset-resized/glass/glass140.jpg
../data/dataset-resized/glass/glass168.jpg
../data/dataset-resized/glass/glass197.jpg
../data/dataset-resized/glass/glass183.jpg
../data/dataset-resized/glass/glass37.jpg
../data/dataset-resized/glass/glass23.jpg
../data/dataset-resized/glass/glass22.jpg
../data/dataset-resized/glass/glass36.jpg
../data/dataset-resized/glass/glass182.jpg
../data/dataset-resized/glass/glass196.jpg
../data/dataset-resized/glass/glass169.jpg
../data/dataset-resized/glass/glass141.jpg
../data/dataset-resized/glass/glass155.jpg
../data/dataset-resized/glass/glass380.jpg
../data/dataset-resized/glass/glass394.jpg
../data/dataset-resized/glass/glass419.jpg
../data/dataset-resized/glass/glass343.jpg
../data/dataset-resized/glass/glass425.jpg
../data/dataset-resized/glass/glass431.jpg
../data/dataset-resized/glass/glass357.jpg
../data/dataset-resized/glass/glass237.jpg
../data/dataset-resized/glass/glass223.jpg
../data/dataset-resized/glass/glass235.jpg
../data/dataset-resized/glass/glass221.jpg
../data/dataset-resized/glass/glass209.jpg
../data/dataset-resized/glass/glass427.jpg
../data/dataset-resized/glass/glass341.jpg
../data/dataset-resized/glass/glass355.jpg
../data/dataset-resized/glass/glass433.jpg
../data/dataset-resized/glass/glass369.jpg
../data/dataset-resized/glass/glass382.jpg
../data/dataset-resized/glass/glass396.jpg
../data/dataset-resized/glass/glass143.jpg
../data/dataset-resized/glass/glass157.jpg
../data/dataset-resized/glass/glass180.jpg
../data/dataset-resized/glass/glass194.jpg
../data/dataset-resized/glass/glass20.jpg
../data/dataset-resized/glass/glass34.jpg
../data/dataset-resized/glass/glass35.jpg
../data/dataset-resized/glass/glass21.jpg
../data/dataset-resized/glass/glass195.jpg
../data/dataset-resized/glass/glass181.jpg
../data/dataset-resized/glass/glass156.jpg
../data/dataset-resized/glass/glass142.jpg
../data/dataset-resized/glass/glass397.jpg
../data/dataset-resized/glass/glass383.jpg
../data/dataset-resized/glass/glass368.jpg
../data/dataset-resized/glass/glass354.jpg
../data/dataset-resized/glass/glass432.jpg
../data/dataset-resized/glass/glass426.jpg
../data/dataset-resized/glass/glass340.jpg
../data/dataset-resized/glass/glass208.jpg
../data/dataset-resized/glass/glass220.jpg
../data/dataset-resized/glass/glass234.jpg
../data/dataset-resized/paper/paper203.jpg
../data/dataset-resized/paper/paper565.jpg
../data/dataset-resized/paper/paper215.jpg
../data/dataset-resized/paper/paper573.jpg
../data/dataset-resized/paper/paper567.jpg
../data/dataset-resized/paper/paper201.jpg
../data/dataset-resized/paper/paper229.jpg
../data/dataset-resized/paper/paper31.jpg
../data/dataset-resized/paper/paper25.jpg
../data/dataset-resized/paper/paper19.jpg
../data/dataset-resized/paper/paper361.jpg
../data/dataset-resized/paper/paper407.jpg
../data/dataset-resized/paper/paper413.jpg
../data/dataset-resized/paper/paper375.jpg
../data/dataset-resized/paper/paper349.jpg
../data/dataset-resized/paper/paper188.jpg
../data/dataset-resized/paper/paper163.jpg
../data/dataset-resized/paper/paper177.jpg
../data/dataset-resized/paper/paper176.jpg
../data/dataset-resized/paper/paper162.jpg
../data/dataset-resized/paper/paper189.jpg
../data/dataset-resized/paper/paper348.jpg
../data/dataset-resized/paper/paper412.jpg
../data/dataset-resized/paper/paper374.jpg
../data/dataset-resized/paper/paper360.jpg
../data/dataset-resized/paper/paper406.jpg
../data/dataset-resized/paper/paper18.jpg
../data/dataset-resized/paper/paper24.jpg
../data/dataset-resized/paper/paper30.jpg
../data/dataset-resized/paper/paper228.jpg
../data/dataset-resized/paper/paper566.jpg
../data/dataset-resized/paper/paper200.jpg
../data/dataset-resized/paper/paper214.jpg
../data/dataset-resized/paper/paper572.jpg
../data/dataset-resized/paper/paper589.jpg
../data/dataset-resized/paper/paper238.jpg
../data/dataset-resized/paper/paper576.jpg
../data/dataset-resized/paper/paper210.jpg
../data/dataset-resized/paper/paper204.jpg
../data/dataset-resized/paper/paper562.jpg
../data/dataset-resized/paper/paper34.jpg
../data/dataset-resized/paper/paper20.jpg
../data/dataset-resized/paper/paper358.jpg
../data/dataset-resized/paper/paper402.jpg
../data/dataset-resized/paper/paper364.jpg
../data/dataset-resized/paper/paper370.jpg
../data/dataset-resized/paper/paper416.jpg
../data/dataset-resized/paper/paper199.jpg
../data/dataset-resized/paper/paper166.jpg
../data/dataset-resized/paper/paper172.jpg
../data/dataset-resized/paper/paper173.jpg
../data/dataset-resized/paper/paper167.jpg
../data/dataset-resized/paper/paper198.jpg
../data/dataset-resized/paper/paper371.jpg
../data/dataset-resized/paper/paper417.jpg
../data/dataset-resized/paper/paper403.jpg
../data/dataset-resized/paper/paper365.jpg
../data/dataset-resized/paper/paper359.jpg
../data/dataset-resized/paper/paper21.jpg
../data/dataset-resized/paper/paper35.jpg
../data/dataset-resized/paper/paper205.jpg
../data/dataset-resized/paper/paper563.jpg
../data/dataset-resized/paper/paper577.jpg
../data/dataset-resized/paper/paper211.jpg
../data/dataset-resized/paper/paper239.jpg
../data/dataset-resized/paper/paper588.jpg
../data/dataset-resized/paper/paper549.jpg
../data/dataset-resized/paper/paper561.jpg
../data/dataset-resized/paper/paper207.jpg
../data/dataset-resized/paper/paper213.jpg
../data/dataset-resized/paper/paper575.jpg
../data/dataset-resized/paper/paper398.jpg
../data/dataset-resized/paper/paper23.jpg
../data/dataset-resized/paper/paper37.jpg
../data/dataset-resized/paper/paper429.jpg
../data/dataset-resized/paper/paper415.jpg
../data/dataset-resized/paper/paper373.jpg
../data/dataset-resized/paper/paper367.jpg
../data/dataset-resized/paper/paper401.jpg
../data/dataset-resized/paper/paper8.jpg
../data/dataset-resized/paper/paper159.jpg
../data/dataset-resized/paper/paper171.jpg
../data/dataset-resized/paper/paper165.jpg
../data/dataset-resized/paper/paper164.jpg
../data/dataset-resized/paper/paper170.jpg
../data/dataset-resized/paper/paper158.jpg
../data/dataset-resized/paper/paper9.jpg
../data/dataset-resized/paper/paper366.jpg
../data/dataset-resized/paper/paper400.jpg
../data/dataset-resized/paper/paper414.jpg
../data/dataset-resized/paper/paper372.jpg
../data/dataset-resized/paper/paper428.jpg
../data/dataset-resized/paper/paper36.jpg
../data/dataset-resized/paper/paper22.jpg
../data/dataset-resized/paper/paper399.jpg
../data/dataset-resized/paper/paper212.jpg
../data/dataset-resized/paper/paper574.jpg
../data/dataset-resized/paper/paper560.jpg
../data/dataset-resized/paper/paper206.jpg
../data/dataset-resized/paper/paper548.jpg
../data/dataset-resized/paper/paper507.jpg
../data/dataset-resized/paper/paper261.jpg
../data/dataset-resized/paper/paper275.jpg
../data/dataset-resized/paper/paper513.jpg
../data/dataset-resized/paper/paper249.jpg
../data/dataset-resized/paper/paper45.jpg
../data/dataset-resized/paper/paper51.jpg
../data/dataset-resized/paper/paper79.jpg
../data/dataset-resized/paper/paper498.jpg
../data/dataset-resized/paper/paper473.jpg
../data/dataset-resized/paper/paper86.jpg
../data/dataset-resized/paper/paper315.jpg
../data/dataset-resized/paper/paper301.jpg
../data/dataset-resized/paper/paper92.jpg
../data/dataset-resized/paper/paper467.jpg
../data/dataset-resized/paper/paper329.jpg
../data/dataset-resized/paper/paper117.jpg
../data/dataset-resized/paper/paper103.jpg
../data/dataset-resized/paper/paper102.jpg
../data/dataset-resized/paper/paper116.jpg
../data/dataset-resized/paper/paper328.jpg
../data/dataset-resized/paper/paper300.jpg
../data/dataset-resized/paper/paper466.jpg
../data/dataset-resized/paper/paper93.jpg
../data/dataset-resized/paper/paper87.jpg
../data/dataset-resized/paper/paper472.jpg
../data/dataset-resized/paper/paper314.jpg
../data/dataset-resized/paper/paper499.jpg
../data/dataset-resized/paper/paper78.jpg
../data/dataset-resized/paper/paper50.jpg
../data/dataset-resized/paper/paper44.jpg
../data/dataset-resized/paper/paper248.jpg
../data/dataset-resized/paper/paper274.jpg
../data/dataset-resized/paper/paper512.jpg
../data/dataset-resized/paper/paper506.jpg
../data/dataset-resized/paper/paper260.jpg
../data/dataset-resized/paper/paper289.jpg
../data/dataset-resized/paper/paper510.jpg
../data/dataset-resized/paper/paper276.jpg
../data/dataset-resized/paper/paper262.jpg
../data/dataset-resized/paper/paper504.jpg
../data/dataset-resized/paper/paper538.jpg
../data/dataset-resized/paper/paper52.jpg
../data/dataset-resized/paper/paper46.jpg
../data/dataset-resized/paper/paper91.jpg
../data/dataset-resized/paper/paper464.jpg
../data/dataset-resized/paper/paper302.jpg
../data/dataset-resized/paper/paper316.jpg
../data/dataset-resized/paper/paper470.jpg
../data/dataset-resized/paper/paper85.jpg
../data/dataset-resized/paper/paper458.jpg
../data/dataset-resized/paper/paper100.jpg
../data/dataset-resized/paper/paper114.jpg
../data/dataset-resized/paper/paper128.jpg
../data/dataset-resized/paper/paper129.jpg
../data/dataset-resized/paper/paper115.jpg
../data/dataset-resized/paper/paper101.jpg
../data/dataset-resized/paper/paper459.jpg
../data/dataset-resized/paper/paper317.jpg
../data/dataset-resized/paper/paper84.jpg
../data/dataset-resized/paper/paper471.jpg
../data/dataset-resized/paper/paper465.jpg
../data/dataset-resized/paper/paper90.jpg
../data/dataset-resized/paper/paper303.jpg
../data/dataset-resized/paper/paper47.jpg
../data/dataset-resized/paper/paper53.jpg
../data/dataset-resized/paper/paper539.jpg
../data/dataset-resized/paper/paper263.jpg
../data/dataset-resized/paper/paper505.jpg
../data/dataset-resized/paper/paper511.jpg
../data/dataset-resized/paper/paper277.jpg
../data/dataset-resized/paper/paper288.jpg
../data/dataset-resized/paper/paper298.jpg
../data/dataset-resized/paper/paper529.jpg
../data/dataset-resized/paper/paper273.jpg
../data/dataset-resized/paper/paper515.jpg
../data/dataset-resized/paper/paper501.jpg
../data/dataset-resized/paper/paper267.jpg
../data/dataset-resized/paper/paper57.jpg
../data/dataset-resized/paper/paper43.jpg
../data/dataset-resized/paper/paper449.jpg
../data/dataset-resized/paper/paper307.jpg
../data/dataset-resized/paper/paper94.jpg
../data/dataset-resized/paper/paper461.jpg
../data/dataset-resized/paper/paper475.jpg
../data/dataset-resized/paper/paper80.jpg
../data/dataset-resized/paper/paper313.jpg
../data/dataset-resized/paper/paper139.jpg
../data/dataset-resized/paper/paper105.jpg
../data/dataset-resized/paper/paper111.jpg
../data/dataset-resized/paper/paper110.jpg
../data/dataset-resized/paper/paper104.jpg
../data/dataset-resized/paper/paper138.jpg
../data/dataset-resized/paper/paper81.jpg
../data/dataset-resized/paper/paper474.jpg
../data/dataset-resized/paper/paper312.jpg
../data/dataset-resized/paper/paper306.jpg
../data/dataset-resized/paper/paper460.jpg
../data/dataset-resized/paper/paper95.jpg
../data/dataset-resized/paper/paper448.jpg
../data/dataset-resized/paper/paper42.jpg
../data/dataset-resized/paper/paper56.jpg
../data/dataset-resized/paper/paper500.jpg
../data/dataset-resized/paper/paper266.jpg
../data/dataset-resized/paper/paper272.jpg
../data/dataset-resized/paper/paper514.jpg
../data/dataset-resized/paper/paper528.jpg
../data/dataset-resized/paper/paper299.jpg
../data/dataset-resized/paper/paper258.jpg
../data/dataset-resized/paper/paper264.jpg
../data/dataset-resized/paper/paper502.jpg
../data/dataset-resized/paper/paper516.jpg
../data/dataset-resized/paper/paper270.jpg
../data/dataset-resized/paper/paper489.jpg
../data/dataset-resized/paper/paper68.jpg
../data/dataset-resized/paper/paper40.jpg
../data/dataset-resized/paper/paper54.jpg
../data/dataset-resized/paper/paper338.jpg
../data/dataset-resized/paper/paper310.jpg
../data/dataset-resized/paper/paper476.jpg
../data/dataset-resized/paper/paper83.jpg
../data/dataset-resized/paper/paper97.jpg
../data/dataset-resized/paper/paper462.jpg
../data/dataset-resized/paper/paper304.jpg
../data/dataset-resized/paper/paper112.jpg
../data/dataset-resized/paper/paper106.jpg
../data/dataset-resized/paper/paper107.jpg
../data/dataset-resized/paper/paper113.jpg
../data/dataset-resized/paper/paper463.jpg
../data/dataset-resized/paper/paper96.jpg
../data/dataset-resized/paper/paper305.jpg
../data/dataset-resized/paper/paper311.jpg
../data/dataset-resized/paper/paper82.jpg
../data/dataset-resized/paper/paper477.jpg
../data/dataset-resized/paper/paper339.jpg
../data/dataset-resized/paper/paper55.jpg
../data/dataset-resized/paper/paper41.jpg
../data/dataset-resized/paper/paper69.jpg
../data/dataset-resized/paper/paper488.jpg
../data/dataset-resized/paper/paper517.jpg
../data/dataset-resized/paper/paper271.jpg
../data/dataset-resized/paper/paper265.jpg
../data/dataset-resized/paper/paper503.jpg
../data/dataset-resized/paper/paper259.jpg
../data/dataset-resized/cardboard/cardboard204.jpg
../data/dataset-resized/cardboard/cardboard228.jpg
../data/dataset-resized/cardboard/cardboard200.jpg
../data/dataset-resized/cardboard/cardboard214.jpg
../data/dataset-resized/cardboard/cardboard176.jpg
../data/dataset-resized/cardboard/cardboard97.jpg
../data/dataset-resized/cardboard/cardboard162.jpg
../data/dataset-resized/cardboard/cardboard83.jpg
../data/dataset-resized/cardboard/cardboard68.jpg
../data/dataset-resized/cardboard/cardboard189.jpg
../data/dataset-resized/cardboard/cardboard54.jpg
../data/dataset-resized/cardboard/cardboard40.jpg
../data/dataset-resized/cardboard/cardboard348.jpg
../data/dataset-resized/cardboard/cardboard374.jpg
../data/dataset-resized/cardboard/cardboard360.jpg
../data/dataset-resized/cardboard/cardboard361.jpg
../data/dataset-resized/cardboard/cardboard375.jpg
../data/dataset-resized/cardboard/cardboard349.jpg
../data/dataset-resized/cardboard/cardboard41.jpg
../data/dataset-resized/cardboard/cardboard55.jpg
../data/dataset-resized/cardboard/cardboard188.jpg
../data/dataset-resized/cardboard/cardboard69.jpg
../data/dataset-resized/cardboard/cardboard82.jpg
../data/dataset-resized/cardboard/cardboard163.jpg
../data/dataset-resized/cardboard/cardboard96.jpg
../data/dataset-resized/cardboard/cardboard177.jpg
../data/dataset-resized/cardboard/cardboard215.jpg
../data/dataset-resized/cardboard/cardboard201.jpg
../data/dataset-resized/cardboard/cardboard229.jpg
../data/dataset-resized/cardboard/cardboard217.jpg
../data/dataset-resized/cardboard/cardboard203.jpg
../data/dataset-resized/cardboard/cardboard149.jpg
../data/dataset-resized/cardboard/cardboard161.jpg
../data/dataset-resized/cardboard/cardboard80.jpg
../data/dataset-resized/cardboard/cardboard175.jpg
../data/dataset-resized/cardboard/cardboard94.jpg
../data/dataset-resized/cardboard/cardboard43.jpg
../data/dataset-resized/cardboard/cardboard57.jpg
../data/dataset-resized/cardboard/cardboard363.jpg
../data/dataset-resized/cardboard/cardboard377.jpg
../data/dataset-resized/cardboard/cardboard388.jpg
../data/dataset-resized/cardboard/cardboard389.jpg
../data/dataset-resized/cardboard/cardboard376.jpg
../data/dataset-resized/cardboard/cardboard362.jpg
../data/dataset-resized/cardboard/cardboard56.jpg
../data/dataset-resized/cardboard/cardboard42.jpg
../data/dataset-resized/cardboard/cardboard95.jpg
../data/dataset-resized/cardboard/cardboard174.jpg
../data/dataset-resized/cardboard/cardboard81.jpg
../data/dataset-resized/cardboard/cardboard160.jpg
../data/dataset-resized/cardboard/cardboard148.jpg
../data/dataset-resized/cardboard/cardboard202.jpg
../data/dataset-resized/cardboard/cardboard216.jpg
../data/dataset-resized/plastic/plastic328.jpg
../data/dataset-resized/plastic/plastic398.jpg
../data/dataset-resized/plastic/plastic373.jpg
../data/dataset-resized/plastic/plastic415.jpg
../data/dataset-resized/plastic/plastic401.jpg
../data/dataset-resized/plastic/plastic367.jpg
../data/dataset-resized/plastic/plastic429.jpg
../data/dataset-resized/plastic/plastic171.jpg
../data/dataset-resized/plastic/plastic165.jpg
../data/dataset-resized/plastic/plastic159.jpg
../data/dataset-resized/plastic/plastic94.jpg
../data/dataset-resized/plastic/plastic80.jpg
../data/dataset-resized/plastic/plastic1.jpg
../data/dataset-resized/plastic/plastic57.jpg
../data/dataset-resized/plastic/plastic43.jpg
../data/dataset-resized/plastic/plastic207.jpg
../data/dataset-resized/plastic/plastic213.jpg
../data/dataset-resized/plastic/plastic212.jpg
../data/dataset-resized/plastic/plastic206.jpg
../data/dataset-resized/plastic/plastic42.jpg
../data/dataset-resized/plastic/plastic56.jpg
../data/dataset-resized/plastic/plastic81.jpg
../data/dataset-resized/plastic/plastic95.jpg
../data/dataset-resized/plastic/plastic158.jpg
../data/dataset-resized/plastic/plastic164.jpg
../data/dataset-resized/plastic/plastic170.jpg
../data/dataset-resized/plastic/plastic428.jpg
../data/dataset-resized/plastic/plastic400.jpg
../data/dataset-resized/plastic/plastic366.jpg
../data/dataset-resized/plastic/plastic372.jpg
../data/dataset-resized/plastic/plastic414.jpg
../data/dataset-resized/plastic/plastic399.jpg
../data/dataset-resized/plastic/plastic364.jpg
../data/dataset-resized/plastic/plastic402.jpg
../data/dataset-resized/plastic/plastic416.jpg
../data/dataset-resized/plastic/plastic370.jpg
../data/dataset-resized/plastic/plastic358.jpg
../data/dataset-resized/plastic/plastic199.jpg
../data/dataset-resized/plastic/plastic166.jpg
../data/dataset-resized/plastic/plastic172.jpg
../data/dataset-resized/plastic/plastic83.jpg
../data/dataset-resized/plastic/plastic97.jpg
../data/dataset-resized/plastic/plastic2.jpg
../data/dataset-resized/plastic/plastic40.jpg
../data/dataset-resized/plastic/plastic54.jpg
../data/dataset-resized/plastic/plastic68.jpg
../data/dataset-resized/plastic/plastic210.jpg
../data/dataset-resized/plastic/plastic204.jpg
../data/dataset-resized/plastic/plastic238.jpg
../data/dataset-resized/plastic/plastic239.jpg
../data/dataset-resized/plastic/plastic205.jpg
../data/dataset-resized/plastic/plastic211.jpg
../data/dataset-resized/plastic/plastic69.jpg
../data/dataset-resized/plastic/plastic55.jpg
../data/dataset-resized/plastic/plastic41.jpg
../data/dataset-resized/plastic/plastic3.jpg
../data/dataset-resized/plastic/plastic96.jpg
../data/dataset-resized/plastic/plastic82.jpg
../data/dataset-resized/plastic/plastic173.jpg
../data/dataset-resized/plastic/plastic167.jpg
../data/dataset-resized/plastic/plastic198.jpg
../data/dataset-resized/plastic/plastic359.jpg
../data/dataset-resized/plastic/plastic417.jpg
../data/dataset-resized/plastic/plastic371.jpg
../data/dataset-resized/plastic/plastic365.jpg
../data/dataset-resized/plastic/plastic403.jpg
../data/dataset-resized/plastic/plastic349.jpg
../data/dataset-resized/plastic/plastic407.jpg
../data/dataset-resized/plastic/plastic361.jpg
../data/dataset-resized/plastic/plastic375.jpg
../data/dataset-resized/plastic/plastic413.jpg
../data/dataset-resized/plastic/plastic188.jpg
../data/dataset-resized/plastic/plastic163.jpg
../data/dataset-resized/plastic/plastic177.jpg
../data/dataset-resized/plastic/plastic7.jpg
../data/dataset-resized/plastic/plastic86.jpg
../data/dataset-resized/plastic/plastic92.jpg
../data/dataset-resized/plastic/plastic79.jpg
../data/dataset-resized/plastic/plastic45.jpg
../data/dataset-resized/plastic/plastic51.jpg
../data/dataset-resized/plastic/plastic229.jpg
../data/dataset-resized/plastic/plastic215.jpg
../data/dataset-resized/plastic/plastic201.jpg
../data/dataset-resized/plastic/plastic200.jpg
../data/dataset-resized/plastic/plastic214.jpg
../data/dataset-resized/plastic/plastic228.jpg
../data/dataset-resized/plastic/plastic50.jpg
../data/dataset-resized/plastic/plastic44.jpg
../data/dataset-resized/plastic/plastic78.jpg
../data/dataset-resized/plastic/plastic93.jpg
../data/dataset-resized/plastic/plastic87.jpg
../data/dataset-resized/plastic/plastic6.jpg
../data/dataset-resized/plastic/plastic176.jpg
../data/dataset-resized/plastic/plastic162.jpg
../data/dataset-resized/plastic/plastic189.jpg
../data/dataset-resized/plastic/plastic374.jpg
../data/dataset-resized/plastic/plastic412.jpg
../data/dataset-resized/plastic/plastic406.jpg
../data/dataset-resized/plastic/plastic360.jpg
../data/dataset-resized/plastic/plastic348.jpg
../data/dataset-resized/plastic/plastic389.jpg
../data/dataset-resized/plastic/plastic438.jpg
../data/dataset-resized/plastic/plastic410.jpg
../data/dataset-resized/plastic/plastic376.jpg
../data/dataset-resized/plastic/plastic362.jpg
../data/dataset-resized/plastic/plastic404.jpg
../data/dataset-resized/plastic/plastic148.jpg
../data/dataset-resized/plastic/plastic174.jpg
../data/dataset-resized/plastic/plastic160.jpg
../data/dataset-resized/plastic/plastic4.jpg
../data/dataset-resized/plastic/plastic91.jpg
../data/dataset-resized/plastic/plastic85.jpg
../data/dataset-resized/plastic/plastic52.jpg
../data/dataset-resized/plastic/plastic46.jpg
../data/dataset-resized/plastic/plastic202.jpg
../data/dataset-resized/plastic/plastic216.jpg
../data/dataset-resized/plastic/plastic217.jpg
../data/dataset-resized/plastic/plastic203.jpg
../data/dataset-resized/plastic/plastic47.jpg
../data/dataset-resized/plastic/plastic53.jpg
../data/dataset-resized/plastic/plastic84.jpg
../data/dataset-resized/plastic/plastic90.jpg
../data/dataset-resized/plastic/plastic5.jpg
../data/dataset-resized/plastic/plastic161.jpg
../data/dataset-resized/plastic/plastic175.jpg
../data/dataset-resized/plastic/plastic149.jpg
../data/dataset-resized/plastic/plastic363.jpg
../data/dataset-resized/plastic/plastic405.jpg
../data/dataset-resized/plastic/plastic411.jpg
../data/dataset-resized/plastic/plastic377.jpg
../data/dataset-resized/plastic/plastic439.jpg
../data/dataset-resized/plastic/plastic388.jpg
../data/dataset-resized/metal/metal101.jpg
../data/dataset-resized/metal/metal129.jpg
../data/dataset-resized/metal/metal317.jpg
../data/dataset-resized/metal/metal303.jpg
../data/dataset-resized/metal/metal302.jpg
../data/dataset-resized/metal/metal316.jpg
../data/dataset-resized/metal/metal128.jpg
../data/dataset-resized/metal/metal100.jpg
../data/dataset-resized/metal/metal114.jpg
../data/dataset-resized/metal/metal60.jpg
../data/dataset-resized/metal/metal74.jpg
../data/dataset-resized/metal/metal48.jpg
../data/dataset-resized/metal/metal276.jpg
../data/dataset-resized/metal/metal262.jpg
../data/dataset-resized/metal/metal289.jpg
../data/dataset-resized/metal/metal9.jpg
../data/dataset-resized/metal/metal299.jpg
../data/dataset-resized/metal/metal266.jpg
../data/dataset-resized/metal/metal272.jpg
../data/dataset-resized/metal/metal70.jpg
../data/dataset-resized/metal/metal64.jpg
../data/dataset-resized/metal/metal58.jpg
../data/dataset-resized/metal/metal138.jpg
../data/dataset-resized/metal/metal110.jpg
../data/dataset-resized/metal/metal104.jpg
../data/dataset-resized/metal/metal312.jpg
../data/dataset-resized/metal/metal306.jpg
../data/dataset-resized/metal/metal307.jpg
../data/dataset-resized/metal/metal313.jpg
../data/dataset-resized/metal/metal105.jpg
../data/dataset-resized/metal/metal111.jpg
../data/dataset-resized/metal/metal139.jpg
../data/dataset-resized/metal/metal59.jpg
../data/dataset-resized/metal/metal65.jpg
../data/dataset-resized/metal/metal71.jpg
../data/dataset-resized/metal/metal273.jpg
../data/dataset-resized/metal/metal267.jpg
../data/dataset-resized/metal/metal298.jpg
../data/dataset-resized/metal/metal259.jpg
../data/dataset-resized/metal/metal271.jpg
../data/dataset-resized/metal/metal265.jpg
../data/dataset-resized/metal/metal98.jpg
../data/dataset-resized/metal/metal67.jpg
../data/dataset-resized/metal/metal73.jpg
../data/dataset-resized/metal/metal107.jpg
../data/dataset-resized/metal/metal113.jpg
../data/dataset-resized/metal/metal339.jpg
../data/dataset-resized/metal/metal305.jpg
../data/dataset-resized/metal/metal311.jpg
../data/dataset-resized/metal/metal310.jpg
../data/dataset-resized/metal/metal304.jpg
../data/dataset-resized/metal/metal338.jpg
../data/dataset-resized/metal/metal112.jpg
../data/dataset-resized/metal/metal106.jpg
../data/dataset-resized/metal/metal72.jpg
../data/dataset-resized/metal/metal66.jpg
../data/dataset-resized/metal/metal99.jpg
../data/dataset-resized/metal/metal264.jpg
../data/dataset-resized/metal/metal270.jpg
../data/dataset-resized/metal/metal258.jpg
